15:02:32 **** Auto Build of configuration Debug for project intr ****
make pre-build main-build 
a9-linaro-pre-build-step
' '
'Building file: ../src/helloworld.c'
'Invoking: ARM v7 gcc compiler'
arm-none-eabi-gcc -Wall -O0 -g3 -c -fmessage-length=0 -MT"src/helloworld.o" -mcpu=cortex-a9 -mfpu=vfpv3 -mfloat-abi=hard -I../../intr_bsp/ps7_cortexa9_0/include -MMD -MP -MF"src/helloworld.d" -MT"src/helloworld.o" -o "src/helloworld.o" "../src/helloworld.c"
../src/helloworld.c: In function 'Intr_Handler':
../src/helloworld.c:22:5: warning: implicit declaration of function 'delay' [-Wimplicit-function-declaration]
     delay(10000);  // debounce
     ^~~~~
../src/helloworld.c: At top level:
../src/helloworld.c:54:6: warning: conflicting types for 'delay'
 void delay(int ms) {
      ^~~~~
../src/helloworld.c:22:5: note: previous implicit declaration of 'delay' was here
     delay(10000);  // debounce
     ^~~~~
'Finished building: ../src/helloworld.c'
' '
'Building target: intr.elf'
'Invoking: ARM v7 gcc linker'
arm-none-eabi-gcc -mcpu=cortex-a9 -mfpu=vfpv3 -mfloat-abi=hard -Wl,-build-id=none -specs=Xilinx.spec -Wl,-T -Wl,../src/lscript.ld -L../../intr_bsp/ps7_cortexa9_0/lib -o "intr.elf"  ./src/helloworld.o ./src/platform.o   -Wl,--start-group,-lxil,-lgcc,-lc,--end-group
'Finished building target: intr.elf'
' '
'Invoking: ARM v7 Print Size'
arm-none-eabi-size intr.elf  |tee "intr.elf.size"
   text	   data	    bss	    dec	    hex	filename
  76452	   3388	  23392	 103232	  19340	intr.elf
'Finished building: intr.elf.size'
' '

15:02:32 Build Finished (took 724ms)

